2025-09-23 16:39:02 +09:00: Error: listen EADDRINUSE: address already in use :::5000
2025-09-23 16:39:02 +09:00:     at Server.setupListenHandle [as _listen2] (node:net:1940:16)
2025-09-23 16:39:02 +09:00:     at listenInCluster (node:net:1997:12)
2025-09-23 16:39:02 +09:00:     at Server.listen (node:net:2102:7)
2025-09-23 16:39:02 +09:00:     at file:///Users/ahndj/Desktop/project/trading/automatic-trading1/dist/server/index.js:268:12
2025-09-23 16:39:02 +09:00:     at process.processTicksAndRejections (node:internal/process/task_queues:105:5) {
2025-09-23 16:39:02 +09:00:   code: 'EADDRINUSE',
2025-09-23 16:39:02 +09:00:   errno: -48,
2025-09-23 16:39:02 +09:00:   syscall: 'listen',
2025-09-23 16:39:02 +09:00:   address: '::',
2025-09-23 16:39:02 +09:00:   port: 5000
2025-09-23 16:39:02 +09:00: }
2025-09-23 16:39:02 +09:00: Error: listen EADDRINUSE: address already in use :::5000
2025-09-23 16:39:02 +09:00:     at Server.setupListenHandle [as _listen2] (node:net:1940:16)
2025-09-23 16:39:02 +09:00:     at listenInCluster (node:net:1997:12)
2025-09-23 16:39:02 +09:00:     at Server.listen (node:net:2102:7)
2025-09-23 16:39:02 +09:00:     at file:///Users/ahndj/Desktop/project/trading/automatic-trading1/dist/server/index.js:268:12
2025-09-23 16:39:02 +09:00:     at process.processTicksAndRejections (node:internal/process/task_queues:105:5) {
2025-09-23 16:39:02 +09:00:   code: 'EADDRINUSE',
2025-09-23 16:39:02 +09:00:   errno: -48,
2025-09-23 16:39:02 +09:00:   syscall: 'listen',
2025-09-23 16:39:02 +09:00:   address: '::',
2025-09-23 16:39:02 +09:00:   port: 5000
2025-09-23 16:39:02 +09:00: }
2025-09-23 16:39:02 +09:00: Error: listen EADDRINUSE: address already in use :::5000
2025-09-23 16:39:02 +09:00:     at Server.setupListenHandle [as _listen2] (node:net:1940:16)
2025-09-23 16:39:02 +09:00:     at listenInCluster (node:net:1997:12)
2025-09-23 16:39:02 +09:00:     at Server.listen (node:net:2102:7)
2025-09-23 16:39:02 +09:00:     at file:///Users/ahndj/Desktop/project/trading/automatic-trading1/dist/server/index.js:268:12
2025-09-23 16:39:02 +09:00:     at process.processTicksAndRejections (node:internal/process/task_queues:105:5) {
2025-09-23 16:39:02 +09:00:   code: 'EADDRINUSE',
2025-09-23 16:39:02 +09:00:   errno: -48,
2025-09-23 16:39:02 +09:00:   syscall: 'listen',
2025-09-23 16:39:02 +09:00:   address: '::',
2025-09-23 16:39:02 +09:00:   port: 5000
2025-09-23 16:39:02 +09:00: }
2025-09-23 16:39:02 +09:00: Error: listen EADDRINUSE: address already in use :::5000
2025-09-23 16:39:02 +09:00:     at Server.setupListenHandle [as _listen2] (node:net:1940:16)
2025-09-23 16:39:02 +09:00:     at listenInCluster (node:net:1997:12)
2025-09-23 16:39:02 +09:00:     at Server.listen (node:net:2102:7)
2025-09-23 16:39:02 +09:00:     at file:///Users/ahndj/Desktop/project/trading/automatic-trading1/dist/server/index.js:268:12
2025-09-23 16:39:02 +09:00:     at process.processTicksAndRejections (node:internal/process/task_queues:105:5) {
2025-09-23 16:39:02 +09:00:   code: 'EADDRINUSE',
2025-09-23 16:39:02 +09:00:   errno: -48,
2025-09-23 16:39:02 +09:00:   syscall: 'listen',
2025-09-23 16:39:02 +09:00:   address: '::',
2025-09-23 16:39:02 +09:00:   port: 5000
2025-09-23 16:39:02 +09:00: }
2025-09-23 16:39:03 +09:00: Error: listen EADDRINUSE: address already in use :::5000
2025-09-23 16:39:03 +09:00:     at Server.setupListenHandle [as _listen2] (node:net:1940:16)
2025-09-23 16:39:03 +09:00:     at listenInCluster (node:net:1997:12)
2025-09-23 16:39:03 +09:00:     at Server.listen (node:net:2102:7)
2025-09-23 16:39:03 +09:00:     at file:///Users/ahndj/Desktop/project/trading/automatic-trading1/dist/server/index.js:268:12
2025-09-23 16:39:03 +09:00:     at process.processTicksAndRejections (node:internal/process/task_queues:105:5) {
2025-09-23 16:39:03 +09:00:   code: 'EADDRINUSE',
2025-09-23 16:39:03 +09:00:   errno: -48,
2025-09-23 16:39:03 +09:00:   syscall: 'listen',
2025-09-23 16:39:03 +09:00:   address: '::',
2025-09-23 16:39:03 +09:00:   port: 5000
2025-09-23 16:39:03 +09:00: }
2025-09-23 16:39:03 +09:00: Error: listen EADDRINUSE: address already in use :::5000
2025-09-23 16:39:03 +09:00:     at Server.setupListenHandle [as _listen2] (node:net:1940:16)
2025-09-23 16:39:03 +09:00:     at listenInCluster (node:net:1997:12)
2025-09-23 16:39:03 +09:00:     at Server.listen (node:net:2102:7)
2025-09-23 16:39:03 +09:00:     at file:///Users/ahndj/Desktop/project/trading/automatic-trading1/dist/server/index.js:268:12
2025-09-23 16:39:03 +09:00:     at process.processTicksAndRejections (node:internal/process/task_queues:105:5) {
2025-09-23 16:39:03 +09:00:   code: 'EADDRINUSE',
2025-09-23 16:39:03 +09:00:   errno: -48,
2025-09-23 16:39:03 +09:00:   syscall: 'listen',
2025-09-23 16:39:03 +09:00:   address: '::',
2025-09-23 16:39:03 +09:00:   port: 5000
2025-09-23 16:39:03 +09:00: }
2025-09-23 16:39:03 +09:00: Error: listen EADDRINUSE: address already in use :::5000
2025-09-23 16:39:03 +09:00:     at Server.setupListenHandle [as _listen2] (node:net:1940:16)
2025-09-23 16:39:03 +09:00:     at listenInCluster (node:net:1997:12)
2025-09-23 16:39:03 +09:00:     at Server.listen (node:net:2102:7)
2025-09-23 16:39:03 +09:00:     at file:///Users/ahndj/Desktop/project/trading/automatic-trading1/dist/server/index.js:268:12
2025-09-23 16:39:03 +09:00:     at process.processTicksAndRejections (node:internal/process/task_queues:105:5) {
2025-09-23 16:39:03 +09:00:   code: 'EADDRINUSE',
2025-09-23 16:39:03 +09:00:   errno: -48,
2025-09-23 16:39:03 +09:00:   syscall: 'listen',
2025-09-23 16:39:03 +09:00:   address: '::',
2025-09-23 16:39:03 +09:00:   port: 5000
2025-09-23 16:39:03 +09:00: }
2025-09-23 16:39:03 +09:00: Error: listen EADDRINUSE: address already in use :::5000
2025-09-23 16:39:03 +09:00:     at Server.setupListenHandle [as _listen2] (node:net:1940:16)
2025-09-23 16:39:03 +09:00:     at listenInCluster (node:net:1997:12)
2025-09-23 16:39:03 +09:00:     at Server.listen (node:net:2102:7)
2025-09-23 16:39:03 +09:00:     at file:///Users/ahndj/Desktop/project/trading/automatic-trading1/dist/server/index.js:268:12
2025-09-23 16:39:03 +09:00:     at process.processTicksAndRejections (node:internal/process/task_queues:105:5) {
2025-09-23 16:39:03 +09:00:   code: 'EADDRINUSE',
2025-09-23 16:39:03 +09:00:   errno: -48,
2025-09-23 16:39:03 +09:00:   syscall: 'listen',
2025-09-23 16:39:03 +09:00:   address: '::',
2025-09-23 16:39:03 +09:00:   port: 5000
2025-09-23 16:39:03 +09:00: }
2025-09-23 16:39:03 +09:00: Error: listen EADDRINUSE: address already in use :::5000
2025-09-23 16:39:03 +09:00:     at Server.setupListenHandle [as _listen2] (node:net:1940:16)
2025-09-23 16:39:03 +09:00:     at listenInCluster (node:net:1997:12)
2025-09-23 16:39:03 +09:00:     at Server.listen (node:net:2102:7)
2025-09-23 16:39:03 +09:00:     at file:///Users/ahndj/Desktop/project/trading/automatic-trading1/dist/server/index.js:268:12
2025-09-23 16:39:03 +09:00:     at process.processTicksAndRejections (node:internal/process/task_queues:105:5) {
2025-09-23 16:39:03 +09:00:   code: 'EADDRINUSE',
2025-09-23 16:39:03 +09:00:   errno: -48,
2025-09-23 16:39:03 +09:00:   syscall: 'listen',
2025-09-23 16:39:03 +09:00:   address: '::',
2025-09-23 16:39:03 +09:00:   port: 5000
2025-09-23 16:39:03 +09:00: }
2025-09-23 16:39:04 +09:00: Error: listen EADDRINUSE: address already in use :::5000
2025-09-23 16:39:04 +09:00:     at Server.setupListenHandle [as _listen2] (node:net:1940:16)
2025-09-23 16:39:04 +09:00:     at listenInCluster (node:net:1997:12)
2025-09-23 16:39:04 +09:00:     at Server.listen (node:net:2102:7)
2025-09-23 16:39:04 +09:00:     at file:///Users/ahndj/Desktop/project/trading/automatic-trading1/dist/server/index.js:268:12
2025-09-23 16:39:04 +09:00:     at process.processTicksAndRejections (node:internal/process/task_queues:105:5) {
2025-09-23 16:39:04 +09:00:   code: 'EADDRINUSE',
2025-09-23 16:39:04 +09:00:   errno: -48,
2025-09-23 16:39:04 +09:00:   syscall: 'listen',
2025-09-23 16:39:04 +09:00:   address: '::',
2025-09-23 16:39:04 +09:00:   port: 5000
2025-09-23 16:39:04 +09:00: }
2025-09-23 17:06:45 +09:00: Error: listen EADDRINUSE: address already in use :::5000
2025-09-23 17:06:45 +09:00:     at Server.setupListenHandle [as _listen2] (node:net:1940:16)
2025-09-23 17:06:45 +09:00:     at listenInCluster (node:net:1997:12)
2025-09-23 17:06:45 +09:00:     at Server.listen (node:net:2102:7)
2025-09-23 17:06:45 +09:00:     at file:///Users/ahndj/Desktop/project/trading/automatic-trading1/dist/server/index.js:268:12
2025-09-23 17:06:45 +09:00:     at process.processTicksAndRejections (node:internal/process/task_queues:105:5) {
2025-09-23 17:06:45 +09:00:   code: 'EADDRINUSE',
2025-09-23 17:06:45 +09:00:   errno: -48,
2025-09-23 17:06:45 +09:00:   syscall: 'listen',
2025-09-23 17:06:45 +09:00:   address: '::',
2025-09-23 17:06:45 +09:00:   port: 5000
2025-09-23 17:06:45 +09:00: }
2025-09-23 17:06:45 +09:00: Error: listen EADDRINUSE: address already in use :::5000
2025-09-23 17:06:45 +09:00:     at Server.setupListenHandle [as _listen2] (node:net:1940:16)
2025-09-23 17:06:45 +09:00:     at listenInCluster (node:net:1997:12)
2025-09-23 17:06:45 +09:00:     at Server.listen (node:net:2102:7)
2025-09-23 17:06:45 +09:00:     at file:///Users/ahndj/Desktop/project/trading/automatic-trading1/dist/server/index.js:268:12
2025-09-23 17:06:45 +09:00:     at process.processTicksAndRejections (node:internal/process/task_queues:105:5) {
2025-09-23 17:06:45 +09:00:   code: 'EADDRINUSE',
2025-09-23 17:06:45 +09:00:   errno: -48,
2025-09-23 17:06:45 +09:00:   syscall: 'listen',
2025-09-23 17:06:45 +09:00:   address: '::',
2025-09-23 17:06:45 +09:00:   port: 5000
2025-09-23 17:06:45 +09:00: }
2025-09-23 17:06:45 +09:00: Error: listen EADDRINUSE: address already in use :::5000
2025-09-23 17:06:45 +09:00:     at Server.setupListenHandle [as _listen2] (node:net:1940:16)
2025-09-23 17:06:45 +09:00:     at listenInCluster (node:net:1997:12)
2025-09-23 17:06:45 +09:00:     at Server.listen (node:net:2102:7)
2025-09-23 17:06:45 +09:00:     at file:///Users/ahndj/Desktop/project/trading/automatic-trading1/dist/server/index.js:268:12
2025-09-23 17:06:45 +09:00:     at process.processTicksAndRejections (node:internal/process/task_queues:105:5) {
2025-09-23 17:06:45 +09:00:   code: 'EADDRINUSE',
2025-09-23 17:06:45 +09:00:   errno: -48,
2025-09-23 17:06:45 +09:00:   syscall: 'listen',
2025-09-23 17:06:45 +09:00:   address: '::',
2025-09-23 17:06:45 +09:00:   port: 5000
2025-09-23 17:06:45 +09:00: }
2025-09-23 17:06:45 +09:00: Error: listen EADDRINUSE: address already in use :::5000
2025-09-23 17:06:45 +09:00:     at Server.setupListenHandle [as _listen2] (node:net:1940:16)
2025-09-23 17:06:45 +09:00:     at listenInCluster (node:net:1997:12)
2025-09-23 17:06:45 +09:00:     at Server.listen (node:net:2102:7)
2025-09-23 17:06:45 +09:00:     at file:///Users/ahndj/Desktop/project/trading/automatic-trading1/dist/server/index.js:268:12
2025-09-23 17:06:45 +09:00:     at process.processTicksAndRejections (node:internal/process/task_queues:105:5) {
2025-09-23 17:06:45 +09:00:   code: 'EADDRINUSE',
2025-09-23 17:06:45 +09:00:   errno: -48,
2025-09-23 17:06:45 +09:00:   syscall: 'listen',
2025-09-23 17:06:45 +09:00:   address: '::',
2025-09-23 17:06:45 +09:00:   port: 5000
2025-09-23 17:06:45 +09:00: }
2025-09-23 17:06:46 +09:00: Error: listen EADDRINUSE: address already in use :::5000
2025-09-23 17:06:46 +09:00:     at Server.setupListenHandle [as _listen2] (node:net:1940:16)
2025-09-23 17:06:46 +09:00:     at listenInCluster (node:net:1997:12)
2025-09-23 17:06:46 +09:00:     at Server.listen (node:net:2102:7)
2025-09-23 17:06:46 +09:00:     at file:///Users/ahndj/Desktop/project/trading/automatic-trading1/dist/server/index.js:268:12
2025-09-23 17:06:46 +09:00:     at process.processTicksAndRejections (node:internal/process/task_queues:105:5) {
2025-09-23 17:06:46 +09:00:   code: 'EADDRINUSE',
2025-09-23 17:06:46 +09:00:   errno: -48,
2025-09-23 17:06:46 +09:00:   syscall: 'listen',
2025-09-23 17:06:46 +09:00:   address: '::',
2025-09-23 17:06:46 +09:00:   port: 5000
2025-09-23 17:06:46 +09:00: }
2025-09-23 17:06:46 +09:00: Error: listen EADDRINUSE: address already in use :::5000
2025-09-23 17:06:46 +09:00:     at Server.setupListenHandle [as _listen2] (node:net:1940:16)
2025-09-23 17:06:46 +09:00:     at listenInCluster (node:net:1997:12)
2025-09-23 17:06:46 +09:00:     at Server.listen (node:net:2102:7)
2025-09-23 17:06:46 +09:00:     at file:///Users/ahndj/Desktop/project/trading/automatic-trading1/dist/server/index.js:268:12
2025-09-23 17:06:46 +09:00:     at process.processTicksAndRejections (node:internal/process/task_queues:105:5) {
2025-09-23 17:06:46 +09:00:   code: 'EADDRINUSE',
2025-09-23 17:06:46 +09:00:   errno: -48,
2025-09-23 17:06:46 +09:00:   syscall: 'listen',
2025-09-23 17:06:46 +09:00:   address: '::',
2025-09-23 17:06:46 +09:00:   port: 5000
2025-09-23 17:06:46 +09:00: }
2025-09-23 17:06:46 +09:00: Error: listen EADDRINUSE: address already in use :::5000
2025-09-23 17:06:46 +09:00:     at Server.setupListenHandle [as _listen2] (node:net:1940:16)
2025-09-23 17:06:46 +09:00:     at listenInCluster (node:net:1997:12)
2025-09-23 17:06:46 +09:00:     at Server.listen (node:net:2102:7)
2025-09-23 17:06:46 +09:00:     at file:///Users/ahndj/Desktop/project/trading/automatic-trading1/dist/server/index.js:268:12
2025-09-23 17:06:46 +09:00:     at process.processTicksAndRejections (node:internal/process/task_queues:105:5) {
2025-09-23 17:06:46 +09:00:   code: 'EADDRINUSE',
2025-09-23 17:06:46 +09:00:   errno: -48,
2025-09-23 17:06:46 +09:00:   syscall: 'listen',
2025-09-23 17:06:46 +09:00:   address: '::',
2025-09-23 17:06:46 +09:00:   port: 5000
2025-09-23 17:06:46 +09:00: }
2025-09-23 17:06:46 +09:00: Error: listen EADDRINUSE: address already in use :::5000
2025-09-23 17:06:46 +09:00:     at Server.setupListenHandle [as _listen2] (node:net:1940:16)
2025-09-23 17:06:46 +09:00:     at listenInCluster (node:net:1997:12)
2025-09-23 17:06:46 +09:00:     at Server.listen (node:net:2102:7)
2025-09-23 17:06:46 +09:00:     at file:///Users/ahndj/Desktop/project/trading/automatic-trading1/dist/server/index.js:268:12
2025-09-23 17:06:46 +09:00:     at process.processTicksAndRejections (node:internal/process/task_queues:105:5) {
2025-09-23 17:06:46 +09:00:   code: 'EADDRINUSE',
2025-09-23 17:06:46 +09:00:   errno: -48,
2025-09-23 17:06:46 +09:00:   syscall: 'listen',
2025-09-23 17:06:46 +09:00:   address: '::',
2025-09-23 17:06:46 +09:00:   port: 5000
2025-09-23 17:06:46 +09:00: }
2025-09-23 17:06:46 +09:00: Error: listen EADDRINUSE: address already in use :::5000
2025-09-23 17:06:46 +09:00:     at Server.setupListenHandle [as _listen2] (node:net:1940:16)
2025-09-23 17:06:46 +09:00:     at listenInCluster (node:net:1997:12)
2025-09-23 17:06:46 +09:00:     at Server.listen (node:net:2102:7)
2025-09-23 17:06:46 +09:00:     at file:///Users/ahndj/Desktop/project/trading/automatic-trading1/dist/server/index.js:268:12
2025-09-23 17:06:46 +09:00:     at process.processTicksAndRejections (node:internal/process/task_queues:105:5) {
2025-09-23 17:06:46 +09:00:   code: 'EADDRINUSE',
2025-09-23 17:06:46 +09:00:   errno: -48,
2025-09-23 17:06:46 +09:00:   syscall: 'listen',
2025-09-23 17:06:46 +09:00:   address: '::',
2025-09-23 17:06:46 +09:00:   port: 5000
2025-09-23 17:06:46 +09:00: }
2025-09-23 17:06:47 +09:00: Error: listen EADDRINUSE: address already in use :::5000
2025-09-23 17:06:47 +09:00:     at Server.setupListenHandle [as _listen2] (node:net:1940:16)
2025-09-23 17:06:47 +09:00:     at listenInCluster (node:net:1997:12)
2025-09-23 17:06:47 +09:00:     at Server.listen (node:net:2102:7)
2025-09-23 17:06:47 +09:00:     at file:///Users/ahndj/Desktop/project/trading/automatic-trading1/dist/server/index.js:268:12
2025-09-23 17:06:47 +09:00:     at process.processTicksAndRejections (node:internal/process/task_queues:105:5) {
2025-09-23 17:06:47 +09:00:   code: 'EADDRINUSE',
2025-09-23 17:06:47 +09:00:   errno: -48,
2025-09-23 17:06:47 +09:00:   syscall: 'listen',
2025-09-23 17:06:47 +09:00:   address: '::',
2025-09-23 17:06:47 +09:00:   port: 5000
2025-09-23 17:06:47 +09:00: }
2025-09-23 21:12:39 +09:00: Error: listen EADDRINUSE: address already in use :::5000
2025-09-23 21:12:39 +09:00:     at Server.setupListenHandle [as _listen2] (node:net:1940:16)
2025-09-23 21:12:39 +09:00:     at listenInCluster (node:net:1997:12)
2025-09-23 21:12:39 +09:00:     at Server.listen (node:net:2102:7)
2025-09-23 21:12:39 +09:00:     at file:///Users/ahndj/Desktop/project/trading/automatic-trading1/dist/server/index.js:259:12
2025-09-23 21:12:39 +09:00:     at process.processTicksAndRejections (node:internal/process/task_queues:105:5) {
2025-09-23 21:12:39 +09:00:   code: 'EADDRINUSE',
2025-09-23 21:12:39 +09:00:   errno: -48,
2025-09-23 21:12:39 +09:00:   syscall: 'listen',
2025-09-23 21:12:39 +09:00:   address: '::',
2025-09-23 21:12:39 +09:00:   port: 5000
2025-09-23 21:12:39 +09:00: }
2025-09-23 21:12:39 +09:00: Error: listen EADDRINUSE: address already in use :::5000
2025-09-23 21:12:39 +09:00:     at Server.setupListenHandle [as _listen2] (node:net:1940:16)
2025-09-23 21:12:39 +09:00:     at listenInCluster (node:net:1997:12)
2025-09-23 21:12:39 +09:00:     at Server.listen (node:net:2102:7)
2025-09-23 21:12:39 +09:00:     at file:///Users/ahndj/Desktop/project/trading/automatic-trading1/dist/server/index.js:259:12
2025-09-23 21:12:39 +09:00:     at process.processTicksAndRejections (node:internal/process/task_queues:105:5) {
2025-09-23 21:12:39 +09:00:   code: 'EADDRINUSE',
2025-09-23 21:12:39 +09:00:   errno: -48,
2025-09-23 21:12:39 +09:00:   syscall: 'listen',
2025-09-23 21:12:39 +09:00:   address: '::',
2025-09-23 21:12:39 +09:00:   port: 5000
2025-09-23 21:12:39 +09:00: }
2025-09-23 21:12:39 +09:00: Error: listen EADDRINUSE: address already in use :::5000
2025-09-23 21:12:39 +09:00:     at Server.setupListenHandle [as _listen2] (node:net:1940:16)
2025-09-23 21:12:39 +09:00:     at listenInCluster (node:net:1997:12)
2025-09-23 21:12:39 +09:00:     at Server.listen (node:net:2102:7)
2025-09-23 21:12:39 +09:00:     at file:///Users/ahndj/Desktop/project/trading/automatic-trading1/dist/server/index.js:259:12
2025-09-23 21:12:39 +09:00:     at process.processTicksAndRejections (node:internal/process/task_queues:105:5) {
2025-09-23 21:12:39 +09:00:   code: 'EADDRINUSE',
2025-09-23 21:12:39 +09:00:   errno: -48,
2025-09-23 21:12:39 +09:00:   syscall: 'listen',
2025-09-23 21:12:39 +09:00:   address: '::',
2025-09-23 21:12:39 +09:00:   port: 5000
2025-09-23 21:12:39 +09:00: }
2025-09-23 21:12:39 +09:00: Error: listen EADDRINUSE: address already in use :::5000
2025-09-23 21:12:39 +09:00:     at Server.setupListenHandle [as _listen2] (node:net:1940:16)
2025-09-23 21:12:39 +09:00:     at listenInCluster (node:net:1997:12)
2025-09-23 21:12:39 +09:00:     at Server.listen (node:net:2102:7)
2025-09-23 21:12:39 +09:00:     at file:///Users/ahndj/Desktop/project/trading/automatic-trading1/dist/server/index.js:259:12
2025-09-23 21:12:39 +09:00:     at process.processTicksAndRejections (node:internal/process/task_queues:105:5) {
2025-09-23 21:12:39 +09:00:   code: 'EADDRINUSE',
2025-09-23 21:12:39 +09:00:   errno: -48,
2025-09-23 21:12:39 +09:00:   syscall: 'listen',
2025-09-23 21:12:39 +09:00:   address: '::',
2025-09-23 21:12:39 +09:00:   port: 5000
2025-09-23 21:12:39 +09:00: }
2025-09-23 21:12:40 +09:00: Error: listen EADDRINUSE: address already in use :::5000
2025-09-23 21:12:40 +09:00:     at Server.setupListenHandle [as _listen2] (node:net:1940:16)
2025-09-23 21:12:40 +09:00:     at listenInCluster (node:net:1997:12)
2025-09-23 21:12:40 +09:00:     at Server.listen (node:net:2102:7)
2025-09-23 21:12:40 +09:00:     at file:///Users/ahndj/Desktop/project/trading/automatic-trading1/dist/server/index.js:259:12
2025-09-23 21:12:40 +09:00:     at process.processTicksAndRejections (node:internal/process/task_queues:105:5) {
2025-09-23 21:12:40 +09:00:   code: 'EADDRINUSE',
2025-09-23 21:12:40 +09:00:   errno: -48,
2025-09-23 21:12:40 +09:00:   syscall: 'listen',
2025-09-23 21:12:40 +09:00:   address: '::',
2025-09-23 21:12:40 +09:00:   port: 5000
2025-09-23 21:12:40 +09:00: }
2025-09-23 21:12:40 +09:00: Error: listen EADDRINUSE: address already in use :::5000
2025-09-23 21:12:40 +09:00:     at Server.setupListenHandle [as _listen2] (node:net:1940:16)
2025-09-23 21:12:40 +09:00:     at listenInCluster (node:net:1997:12)
2025-09-23 21:12:40 +09:00:     at Server.listen (node:net:2102:7)
2025-09-23 21:12:40 +09:00:     at file:///Users/ahndj/Desktop/project/trading/automatic-trading1/dist/server/index.js:259:12
2025-09-23 21:12:40 +09:00:     at process.processTicksAndRejections (node:internal/process/task_queues:105:5) {
2025-09-23 21:12:40 +09:00:   code: 'EADDRINUSE',
2025-09-23 21:12:40 +09:00:   errno: -48,
2025-09-23 21:12:40 +09:00:   syscall: 'listen',
2025-09-23 21:12:40 +09:00:   address: '::',
2025-09-23 21:12:40 +09:00:   port: 5000
2025-09-23 21:12:40 +09:00: }
2025-09-23 21:12:40 +09:00: Error: listen EADDRINUSE: address already in use :::5000
2025-09-23 21:12:40 +09:00:     at Server.setupListenHandle [as _listen2] (node:net:1940:16)
2025-09-23 21:12:40 +09:00:     at listenInCluster (node:net:1997:12)
2025-09-23 21:12:40 +09:00:     at Server.listen (node:net:2102:7)
2025-09-23 21:12:40 +09:00:     at file:///Users/ahndj/Desktop/project/trading/automatic-trading1/dist/server/index.js:259:12
2025-09-23 21:12:40 +09:00:     at process.processTicksAndRejections (node:internal/process/task_queues:105:5) {
2025-09-23 21:12:40 +09:00:   code: 'EADDRINUSE',
2025-09-23 21:12:40 +09:00:   errno: -48,
2025-09-23 21:12:40 +09:00:   syscall: 'listen',
2025-09-23 21:12:40 +09:00:   address: '::',
2025-09-23 21:12:40 +09:00:   port: 5000
2025-09-23 21:12:40 +09:00: }
2025-09-23 21:12:40 +09:00: Error: listen EADDRINUSE: address already in use :::5000
2025-09-23 21:12:40 +09:00:     at Server.setupListenHandle [as _listen2] (node:net:1940:16)
2025-09-23 21:12:40 +09:00:     at listenInCluster (node:net:1997:12)
2025-09-23 21:12:40 +09:00:     at Server.listen (node:net:2102:7)
2025-09-23 21:12:40 +09:00:     at file:///Users/ahndj/Desktop/project/trading/automatic-trading1/dist/server/index.js:259:12
2025-09-23 21:12:40 +09:00:     at process.processTicksAndRejections (node:internal/process/task_queues:105:5) {
2025-09-23 21:12:40 +09:00:   code: 'EADDRINUSE',
2025-09-23 21:12:40 +09:00:   errno: -48,
2025-09-23 21:12:40 +09:00:   syscall: 'listen',
2025-09-23 21:12:40 +09:00:   address: '::',
2025-09-23 21:12:40 +09:00:   port: 5000
2025-09-23 21:12:40 +09:00: }
2025-09-23 21:12:41 +09:00: Error: listen EADDRINUSE: address already in use :::5000
2025-09-23 21:12:41 +09:00:     at Server.setupListenHandle [as _listen2] (node:net:1940:16)
2025-09-23 21:12:41 +09:00:     at listenInCluster (node:net:1997:12)
2025-09-23 21:12:41 +09:00:     at Server.listen (node:net:2102:7)
2025-09-23 21:12:41 +09:00:     at file:///Users/ahndj/Desktop/project/trading/automatic-trading1/dist/server/index.js:259:12
2025-09-23 21:12:41 +09:00:     at process.processTicksAndRejections (node:internal/process/task_queues:105:5) {
2025-09-23 21:12:41 +09:00:   code: 'EADDRINUSE',
2025-09-23 21:12:41 +09:00:   errno: -48,
2025-09-23 21:12:41 +09:00:   syscall: 'listen',
2025-09-23 21:12:41 +09:00:   address: '::',
2025-09-23 21:12:41 +09:00:   port: 5000
2025-09-23 21:12:41 +09:00: }
2025-09-23 21:12:41 +09:00: Error: listen EADDRINUSE: address already in use :::5000
2025-09-23 21:12:41 +09:00:     at Server.setupListenHandle [as _listen2] (node:net:1940:16)
2025-09-23 21:12:41 +09:00:     at listenInCluster (node:net:1997:12)
2025-09-23 21:12:41 +09:00:     at Server.listen (node:net:2102:7)
2025-09-23 21:12:41 +09:00:     at file:///Users/ahndj/Desktop/project/trading/automatic-trading1/dist/server/index.js:259:12
2025-09-23 21:12:41 +09:00:     at process.processTicksAndRejections (node:internal/process/task_queues:105:5) {
2025-09-23 21:12:41 +09:00:   code: 'EADDRINUSE',
2025-09-23 21:12:41 +09:00:   errno: -48,
2025-09-23 21:12:41 +09:00:   syscall: 'listen',
2025-09-23 21:12:41 +09:00:   address: '::',
2025-09-23 21:12:41 +09:00:   port: 5000
2025-09-23 21:12:41 +09:00: }
2025-09-23 22:06:05 +09:00: Error: listen EADDRINUSE: address already in use :::5000
2025-09-23 22:06:05 +09:00:     at Server.setupListenHandle [as _listen2] (node:net:1940:16)
2025-09-23 22:06:05 +09:00:     at listenInCluster (node:net:1997:12)
2025-09-23 22:06:05 +09:00:     at Server.listen (node:net:2102:7)
2025-09-23 22:06:05 +09:00:     at file:///Users/ahndj/Desktop/project/trading/automatic-trading1/dist/server/index.js:259:12
2025-09-23 22:06:05 +09:00:     at process.processTicksAndRejections (node:internal/process/task_queues:105:5) {
2025-09-23 22:06:05 +09:00:   code: 'EADDRINUSE',
2025-09-23 22:06:05 +09:00:   errno: -48,
2025-09-23 22:06:05 +09:00:   syscall: 'listen',
2025-09-23 22:06:05 +09:00:   address: '::',
2025-09-23 22:06:05 +09:00:   port: 5000
2025-09-23 22:06:05 +09:00: }
2025-09-23 22:06:05 +09:00: Error: listen EADDRINUSE: address already in use :::5000
2025-09-23 22:06:05 +09:00:     at Server.setupListenHandle [as _listen2] (node:net:1940:16)
2025-09-23 22:06:05 +09:00:     at listenInCluster (node:net:1997:12)
2025-09-23 22:06:05 +09:00:     at Server.listen (node:net:2102:7)
2025-09-23 22:06:05 +09:00:     at file:///Users/ahndj/Desktop/project/trading/automatic-trading1/dist/server/index.js:259:12
2025-09-23 22:06:05 +09:00:     at process.processTicksAndRejections (node:internal/process/task_queues:105:5) {
2025-09-23 22:06:05 +09:00:   code: 'EADDRINUSE',
2025-09-23 22:06:05 +09:00:   errno: -48,
2025-09-23 22:06:05 +09:00:   syscall: 'listen',
2025-09-23 22:06:05 +09:00:   address: '::',
2025-09-23 22:06:05 +09:00:   port: 5000
2025-09-23 22:06:05 +09:00: }
2025-09-23 22:06:05 +09:00: Error: listen EADDRINUSE: address already in use :::5000
2025-09-23 22:06:05 +09:00:     at Server.setupListenHandle [as _listen2] (node:net:1940:16)
2025-09-23 22:06:05 +09:00:     at listenInCluster (node:net:1997:12)
2025-09-23 22:06:05 +09:00:     at Server.listen (node:net:2102:7)
2025-09-23 22:06:05 +09:00:     at file:///Users/ahndj/Desktop/project/trading/automatic-trading1/dist/server/index.js:259:12
2025-09-23 22:06:05 +09:00:     at process.processTicksAndRejections (node:internal/process/task_queues:105:5) {
2025-09-23 22:06:05 +09:00:   code: 'EADDRINUSE',
2025-09-23 22:06:05 +09:00:   errno: -48,
2025-09-23 22:06:05 +09:00:   syscall: 'listen',
2025-09-23 22:06:05 +09:00:   address: '::',
2025-09-23 22:06:05 +09:00:   port: 5000
2025-09-23 22:06:05 +09:00: }
2025-09-23 22:06:05 +09:00: Error: listen EADDRINUSE: address already in use :::5000
2025-09-23 22:06:05 +09:00:     at Server.setupListenHandle [as _listen2] (node:net:1940:16)
2025-09-23 22:06:05 +09:00:     at listenInCluster (node:net:1997:12)
2025-09-23 22:06:05 +09:00:     at Server.listen (node:net:2102:7)
2025-09-23 22:06:05 +09:00:     at file:///Users/ahndj/Desktop/project/trading/automatic-trading1/dist/server/index.js:259:12
2025-09-23 22:06:05 +09:00:     at process.processTicksAndRejections (node:internal/process/task_queues:105:5) {
2025-09-23 22:06:05 +09:00:   code: 'EADDRINUSE',
2025-09-23 22:06:05 +09:00:   errno: -48,
2025-09-23 22:06:05 +09:00:   syscall: 'listen',
2025-09-23 22:06:05 +09:00:   address: '::',
2025-09-23 22:06:05 +09:00:   port: 5000
2025-09-23 22:06:05 +09:00: }
2025-09-23 22:06:06 +09:00: Error: listen EADDRINUSE: address already in use :::5000
2025-09-23 22:06:06 +09:00:     at Server.setupListenHandle [as _listen2] (node:net:1940:16)
2025-09-23 22:06:06 +09:00:     at listenInCluster (node:net:1997:12)
2025-09-23 22:06:06 +09:00:     at Server.listen (node:net:2102:7)
2025-09-23 22:06:06 +09:00:     at file:///Users/ahndj/Desktop/project/trading/automatic-trading1/dist/server/index.js:259:12
2025-09-23 22:06:06 +09:00:     at process.processTicksAndRejections (node:internal/process/task_queues:105:5) {
2025-09-23 22:06:06 +09:00:   code: 'EADDRINUSE',
2025-09-23 22:06:06 +09:00:   errno: -48,
2025-09-23 22:06:06 +09:00:   syscall: 'listen',
2025-09-23 22:06:06 +09:00:   address: '::',
2025-09-23 22:06:06 +09:00:   port: 5000
2025-09-23 22:06:06 +09:00: }
2025-09-23 22:06:06 +09:00: Error: listen EADDRINUSE: address already in use :::5000
2025-09-23 22:06:06 +09:00:     at Server.setupListenHandle [as _listen2] (node:net:1940:16)
2025-09-23 22:06:06 +09:00:     at listenInCluster (node:net:1997:12)
2025-09-23 22:06:06 +09:00:     at Server.listen (node:net:2102:7)
2025-09-23 22:06:06 +09:00:     at file:///Users/ahndj/Desktop/project/trading/automatic-trading1/dist/server/index.js:259:12
2025-09-23 22:06:06 +09:00:     at process.processTicksAndRejections (node:internal/process/task_queues:105:5) {
2025-09-23 22:06:06 +09:00:   code: 'EADDRINUSE',
2025-09-23 22:06:06 +09:00:   errno: -48,
2025-09-23 22:06:06 +09:00:   syscall: 'listen',
2025-09-23 22:06:06 +09:00:   address: '::',
2025-09-23 22:06:06 +09:00:   port: 5000
2025-09-23 22:06:06 +09:00: }
2025-09-23 22:06:06 +09:00: Error: listen EADDRINUSE: address already in use :::5000
2025-09-23 22:06:06 +09:00:     at Server.setupListenHandle [as _listen2] (node:net:1940:16)
2025-09-23 22:06:06 +09:00:     at listenInCluster (node:net:1997:12)
2025-09-23 22:06:06 +09:00:     at Server.listen (node:net:2102:7)
2025-09-23 22:06:06 +09:00:     at file:///Users/ahndj/Desktop/project/trading/automatic-trading1/dist/server/index.js:259:12
2025-09-23 22:06:06 +09:00:     at process.processTicksAndRejections (node:internal/process/task_queues:105:5) {
2025-09-23 22:06:06 +09:00:   code: 'EADDRINUSE',
2025-09-23 22:06:06 +09:00:   errno: -48,
2025-09-23 22:06:06 +09:00:   syscall: 'listen',
2025-09-23 22:06:06 +09:00:   address: '::',
2025-09-23 22:06:06 +09:00:   port: 5000
2025-09-23 22:06:06 +09:00: }
2025-09-23 22:06:06 +09:00: Error: listen EADDRINUSE: address already in use :::5000
2025-09-23 22:06:06 +09:00:     at Server.setupListenHandle [as _listen2] (node:net:1940:16)
2025-09-23 22:06:06 +09:00:     at listenInCluster (node:net:1997:12)
2025-09-23 22:06:06 +09:00:     at Server.listen (node:net:2102:7)
2025-09-23 22:06:06 +09:00:     at file:///Users/ahndj/Desktop/project/trading/automatic-trading1/dist/server/index.js:259:12
2025-09-23 22:06:06 +09:00:     at process.processTicksAndRejections (node:internal/process/task_queues:105:5) {
2025-09-23 22:06:06 +09:00:   code: 'EADDRINUSE',
2025-09-23 22:06:06 +09:00:   errno: -48,
2025-09-23 22:06:06 +09:00:   syscall: 'listen',
2025-09-23 22:06:06 +09:00:   address: '::',
2025-09-23 22:06:06 +09:00:   port: 5000
2025-09-23 22:06:06 +09:00: }
2025-09-23 22:06:06 +09:00: Error: listen EADDRINUSE: address already in use :::5000
2025-09-23 22:06:06 +09:00:     at Server.setupListenHandle [as _listen2] (node:net:1940:16)
2025-09-23 22:06:06 +09:00:     at listenInCluster (node:net:1997:12)
2025-09-23 22:06:06 +09:00:     at Server.listen (node:net:2102:7)
2025-09-23 22:06:06 +09:00:     at file:///Users/ahndj/Desktop/project/trading/automatic-trading1/dist/server/index.js:259:12
2025-09-23 22:06:06 +09:00:     at process.processTicksAndRejections (node:internal/process/task_queues:105:5) {
2025-09-23 22:06:06 +09:00:   code: 'EADDRINUSE',
2025-09-23 22:06:06 +09:00:   errno: -48,
2025-09-23 22:06:06 +09:00:   syscall: 'listen',
2025-09-23 22:06:06 +09:00:   address: '::',
2025-09-23 22:06:06 +09:00:   port: 5000
2025-09-23 22:06:06 +09:00: }
2025-09-23 22:06:07 +09:00: Error: listen EADDRINUSE: address already in use :::5000
2025-09-23 22:06:07 +09:00:     at Server.setupListenHandle [as _listen2] (node:net:1940:16)
2025-09-23 22:06:07 +09:00:     at listenInCluster (node:net:1997:12)
2025-09-23 22:06:07 +09:00:     at Server.listen (node:net:2102:7)
2025-09-23 22:06:07 +09:00:     at file:///Users/ahndj/Desktop/project/trading/automatic-trading1/dist/server/index.js:259:12
2025-09-23 22:06:07 +09:00:     at process.processTicksAndRejections (node:internal/process/task_queues:105:5) {
2025-09-23 22:06:07 +09:00:   code: 'EADDRINUSE',
2025-09-23 22:06:07 +09:00:   errno: -48,
2025-09-23 22:06:07 +09:00:   syscall: 'listen',
2025-09-23 22:06:07 +09:00:   address: '::',
2025-09-23 22:06:07 +09:00:   port: 5000
2025-09-23 22:06:07 +09:00: }
2025-09-23 23:20:20 +09:00: Error: listen EADDRINUSE: address already in use :::5000
2025-09-23 23:20:20 +09:00:     at Server.setupListenHandle [as _listen2] (node:net:1940:16)
2025-09-23 23:20:20 +09:00:     at listenInCluster (node:net:1997:12)
2025-09-23 23:20:20 +09:00:     at Server.listen (node:net:2102:7)
2025-09-23 23:20:20 +09:00:     at file:///Users/ahndj/Desktop/project/trading/automatic-trading1/dist/server/index.js:259:12
2025-09-23 23:20:20 +09:00:     at process.processTicksAndRejections (node:internal/process/task_queues:105:5) {
2025-09-23 23:20:20 +09:00:   code: 'EADDRINUSE',
2025-09-23 23:20:20 +09:00:   errno: -48,
2025-09-23 23:20:20 +09:00:   syscall: 'listen',
2025-09-23 23:20:20 +09:00:   address: '::',
2025-09-23 23:20:20 +09:00:   port: 5000
2025-09-23 23:20:20 +09:00: }
2025-09-23 23:20:20 +09:00: Error: listen EADDRINUSE: address already in use :::5000
2025-09-23 23:20:20 +09:00:     at Server.setupListenHandle [as _listen2] (node:net:1940:16)
2025-09-23 23:20:20 +09:00:     at listenInCluster (node:net:1997:12)
2025-09-23 23:20:20 +09:00:     at Server.listen (node:net:2102:7)
2025-09-23 23:20:20 +09:00:     at file:///Users/ahndj/Desktop/project/trading/automatic-trading1/dist/server/index.js:259:12
2025-09-23 23:20:20 +09:00:     at process.processTicksAndRejections (node:internal/process/task_queues:105:5) {
2025-09-23 23:20:20 +09:00:   code: 'EADDRINUSE',
2025-09-23 23:20:20 +09:00:   errno: -48,
2025-09-23 23:20:20 +09:00:   syscall: 'listen',
2025-09-23 23:20:20 +09:00:   address: '::',
2025-09-23 23:20:20 +09:00:   port: 5000
2025-09-23 23:20:20 +09:00: }
2025-09-23 23:20:20 +09:00: Error: listen EADDRINUSE: address already in use :::5000
2025-09-23 23:20:20 +09:00:     at Server.setupListenHandle [as _listen2] (node:net:1940:16)
2025-09-23 23:20:20 +09:00:     at listenInCluster (node:net:1997:12)
2025-09-23 23:20:20 +09:00:     at Server.listen (node:net:2102:7)
2025-09-23 23:20:20 +09:00:     at file:///Users/ahndj/Desktop/project/trading/automatic-trading1/dist/server/index.js:259:12
2025-09-23 23:20:20 +09:00:     at process.processTicksAndRejections (node:internal/process/task_queues:105:5) {
2025-09-23 23:20:20 +09:00:   code: 'EADDRINUSE',
2025-09-23 23:20:20 +09:00:   errno: -48,
2025-09-23 23:20:20 +09:00:   syscall: 'listen',
2025-09-23 23:20:20 +09:00:   address: '::',
2025-09-23 23:20:20 +09:00:   port: 5000
2025-09-23 23:20:20 +09:00: }
2025-09-23 23:20:21 +09:00: Error: listen EADDRINUSE: address already in use :::5000
2025-09-23 23:20:21 +09:00:     at Server.setupListenHandle [as _listen2] (node:net:1940:16)
2025-09-23 23:20:21 +09:00:     at listenInCluster (node:net:1997:12)
2025-09-23 23:20:21 +09:00:     at Server.listen (node:net:2102:7)
2025-09-23 23:20:21 +09:00:     at file:///Users/ahndj/Desktop/project/trading/automatic-trading1/dist/server/index.js:259:12
2025-09-23 23:20:21 +09:00:     at process.processTicksAndRejections (node:internal/process/task_queues:105:5) {
2025-09-23 23:20:21 +09:00:   code: 'EADDRINUSE',
2025-09-23 23:20:21 +09:00:   errno: -48,
2025-09-23 23:20:21 +09:00:   syscall: 'listen',
2025-09-23 23:20:21 +09:00:   address: '::',
2025-09-23 23:20:21 +09:00:   port: 5000
2025-09-23 23:20:21 +09:00: }
2025-09-23 23:20:21 +09:00: Error: listen EADDRINUSE: address already in use :::5000
2025-09-23 23:20:21 +09:00:     at Server.setupListenHandle [as _listen2] (node:net:1940:16)
2025-09-23 23:20:21 +09:00:     at listenInCluster (node:net:1997:12)
2025-09-23 23:20:21 +09:00:     at Server.listen (node:net:2102:7)
2025-09-23 23:20:21 +09:00:     at file:///Users/ahndj/Desktop/project/trading/automatic-trading1/dist/server/index.js:259:12
2025-09-23 23:20:21 +09:00:     at process.processTicksAndRejections (node:internal/process/task_queues:105:5) {
2025-09-23 23:20:21 +09:00:   code: 'EADDRINUSE',
2025-09-23 23:20:21 +09:00:   errno: -48,
2025-09-23 23:20:21 +09:00:   syscall: 'listen',
2025-09-23 23:20:21 +09:00:   address: '::',
2025-09-23 23:20:21 +09:00:   port: 5000
2025-09-23 23:20:21 +09:00: }
2025-09-23 23:20:21 +09:00: Error: listen EADDRINUSE: address already in use :::5000
2025-09-23 23:20:21 +09:00:     at Server.setupListenHandle [as _listen2] (node:net:1940:16)
2025-09-23 23:20:21 +09:00:     at listenInCluster (node:net:1997:12)
2025-09-23 23:20:21 +09:00:     at Server.listen (node:net:2102:7)
2025-09-23 23:20:21 +09:00:     at file:///Users/ahndj/Desktop/project/trading/automatic-trading1/dist/server/index.js:259:12
2025-09-23 23:20:21 +09:00:     at process.processTicksAndRejections (node:internal/process/task_queues:105:5) {
2025-09-23 23:20:21 +09:00:   code: 'EADDRINUSE',
2025-09-23 23:20:21 +09:00:   errno: -48,
2025-09-23 23:20:21 +09:00:   syscall: 'listen',
2025-09-23 23:20:21 +09:00:   address: '::',
2025-09-23 23:20:21 +09:00:   port: 5000
2025-09-23 23:20:21 +09:00: }
2025-09-23 23:20:21 +09:00: Error: listen EADDRINUSE: address already in use :::5000
2025-09-23 23:20:21 +09:00:     at Server.setupListenHandle [as _listen2] (node:net:1940:16)
2025-09-23 23:20:21 +09:00:     at listenInCluster (node:net:1997:12)
2025-09-23 23:20:21 +09:00:     at Server.listen (node:net:2102:7)
2025-09-23 23:20:21 +09:00:     at file:///Users/ahndj/Desktop/project/trading/automatic-trading1/dist/server/index.js:259:12
2025-09-23 23:20:21 +09:00:     at process.processTicksAndRejections (node:internal/process/task_queues:105:5) {
2025-09-23 23:20:21 +09:00:   code: 'EADDRINUSE',
2025-09-23 23:20:21 +09:00:   errno: -48,
2025-09-23 23:20:21 +09:00:   syscall: 'listen',
2025-09-23 23:20:21 +09:00:   address: '::',
2025-09-23 23:20:21 +09:00:   port: 5000
2025-09-23 23:20:21 +09:00: }
2025-09-23 23:20:21 +09:00: Error: listen EADDRINUSE: address already in use :::5000
2025-09-23 23:20:21 +09:00:     at Server.setupListenHandle [as _listen2] (node:net:1940:16)
2025-09-23 23:20:21 +09:00:     at listenInCluster (node:net:1997:12)
2025-09-23 23:20:21 +09:00:     at Server.listen (node:net:2102:7)
2025-09-23 23:20:21 +09:00:     at file:///Users/ahndj/Desktop/project/trading/automatic-trading1/dist/server/index.js:259:12
2025-09-23 23:20:21 +09:00:     at process.processTicksAndRejections (node:internal/process/task_queues:105:5) {
2025-09-23 23:20:21 +09:00:   code: 'EADDRINUSE',
2025-09-23 23:20:21 +09:00:   errno: -48,
2025-09-23 23:20:21 +09:00:   syscall: 'listen',
2025-09-23 23:20:21 +09:00:   address: '::',
2025-09-23 23:20:21 +09:00:   port: 5000
2025-09-23 23:20:21 +09:00: }
2025-09-23 23:20:22 +09:00: Error: listen EADDRINUSE: address already in use :::5000
2025-09-23 23:20:22 +09:00:     at Server.setupListenHandle [as _listen2] (node:net:1940:16)
2025-09-23 23:20:22 +09:00:     at listenInCluster (node:net:1997:12)
2025-09-23 23:20:22 +09:00:     at Server.listen (node:net:2102:7)
2025-09-23 23:20:22 +09:00:     at file:///Users/ahndj/Desktop/project/trading/automatic-trading1/dist/server/index.js:259:12
2025-09-23 23:20:22 +09:00:     at process.processTicksAndRejections (node:internal/process/task_queues:105:5) {
2025-09-23 23:20:22 +09:00:   code: 'EADDRINUSE',
2025-09-23 23:20:22 +09:00:   errno: -48,
2025-09-23 23:20:22 +09:00:   syscall: 'listen',
2025-09-23 23:20:22 +09:00:   address: '::',
2025-09-23 23:20:22 +09:00:   port: 5000
2025-09-23 23:20:22 +09:00: }
2025-09-23 23:20:22 +09:00: Error: listen EADDRINUSE: address already in use :::5000
2025-09-23 23:20:22 +09:00:     at Server.setupListenHandle [as _listen2] (node:net:1940:16)
2025-09-23 23:20:22 +09:00:     at listenInCluster (node:net:1997:12)
2025-09-23 23:20:22 +09:00:     at Server.listen (node:net:2102:7)
2025-09-23 23:20:22 +09:00:     at file:///Users/ahndj/Desktop/project/trading/automatic-trading1/dist/server/index.js:259:12
2025-09-23 23:20:22 +09:00:     at process.processTicksAndRejections (node:internal/process/task_queues:105:5) {
2025-09-23 23:20:22 +09:00:   code: 'EADDRINUSE',
2025-09-23 23:20:22 +09:00:   errno: -48,
2025-09-23 23:20:22 +09:00:   syscall: 'listen',
2025-09-23 23:20:22 +09:00:   address: '::',
2025-09-23 23:20:22 +09:00:   port: 5000
2025-09-23 23:20:22 +09:00: }
2025-09-24 00:11:11 +09:00: Error: listen EADDRINUSE: address already in use :::5000
2025-09-24 00:11:11 +09:00:     at Server.setupListenHandle [as _listen2] (node:net:1940:16)
2025-09-24 00:11:11 +09:00:     at listenInCluster (node:net:1997:12)
2025-09-24 00:11:11 +09:00:     at Server.listen (node:net:2102:7)
2025-09-24 00:11:11 +09:00:     at file:///Users/ahndj/Desktop/project/trading/automatic-trading1/dist/server/index.js:259:12
2025-09-24 00:11:11 +09:00:     at process.processTicksAndRejections (node:internal/process/task_queues:105:5) {
2025-09-24 00:11:11 +09:00:   code: 'EADDRINUSE',
2025-09-24 00:11:11 +09:00:   errno: -48,
2025-09-24 00:11:11 +09:00:   syscall: 'listen',
2025-09-24 00:11:11 +09:00:   address: '::',
2025-09-24 00:11:11 +09:00:   port: 5000
2025-09-24 00:11:11 +09:00: }
2025-09-24 00:11:11 +09:00: Error: listen EADDRINUSE: address already in use :::5000
2025-09-24 00:11:11 +09:00:     at Server.setupListenHandle [as _listen2] (node:net:1940:16)
2025-09-24 00:11:11 +09:00:     at listenInCluster (node:net:1997:12)
2025-09-24 00:11:11 +09:00:     at Server.listen (node:net:2102:7)
2025-09-24 00:11:11 +09:00:     at file:///Users/ahndj/Desktop/project/trading/automatic-trading1/dist/server/index.js:259:12
2025-09-24 00:11:11 +09:00:     at process.processTicksAndRejections (node:internal/process/task_queues:105:5) {
2025-09-24 00:11:11 +09:00:   code: 'EADDRINUSE',
2025-09-24 00:11:11 +09:00:   errno: -48,
2025-09-24 00:11:11 +09:00:   syscall: 'listen',
2025-09-24 00:11:11 +09:00:   address: '::',
2025-09-24 00:11:11 +09:00:   port: 5000
2025-09-24 00:11:11 +09:00: }
2025-09-24 00:11:11 +09:00: Error: listen EADDRINUSE: address already in use :::5000
2025-09-24 00:11:11 +09:00:     at Server.setupListenHandle [as _listen2] (node:net:1940:16)
2025-09-24 00:11:11 +09:00:     at listenInCluster (node:net:1997:12)
2025-09-24 00:11:11 +09:00:     at Server.listen (node:net:2102:7)
2025-09-24 00:11:11 +09:00:     at file:///Users/ahndj/Desktop/project/trading/automatic-trading1/dist/server/index.js:259:12
2025-09-24 00:11:11 +09:00:     at process.processTicksAndRejections (node:internal/process/task_queues:105:5) {
2025-09-24 00:11:11 +09:00:   code: 'EADDRINUSE',
2025-09-24 00:11:11 +09:00:   errno: -48,
2025-09-24 00:11:11 +09:00:   syscall: 'listen',
2025-09-24 00:11:11 +09:00:   address: '::',
2025-09-24 00:11:11 +09:00:   port: 5000
2025-09-24 00:11:11 +09:00: }
2025-09-24 00:11:11 +09:00: Error: listen EADDRINUSE: address already in use :::5000
2025-09-24 00:11:11 +09:00:     at Server.setupListenHandle [as _listen2] (node:net:1940:16)
2025-09-24 00:11:11 +09:00:     at listenInCluster (node:net:1997:12)
2025-09-24 00:11:11 +09:00:     at Server.listen (node:net:2102:7)
2025-09-24 00:11:11 +09:00:     at file:///Users/ahndj/Desktop/project/trading/automatic-trading1/dist/server/index.js:259:12
2025-09-24 00:11:11 +09:00:     at process.processTicksAndRejections (node:internal/process/task_queues:105:5) {
2025-09-24 00:11:11 +09:00:   code: 'EADDRINUSE',
2025-09-24 00:11:11 +09:00:   errno: -48,
2025-09-24 00:11:11 +09:00:   syscall: 'listen',
2025-09-24 00:11:11 +09:00:   address: '::',
2025-09-24 00:11:11 +09:00:   port: 5000
2025-09-24 00:11:11 +09:00: }
2025-09-24 00:11:11 +09:00: Error: listen EADDRINUSE: address already in use :::5000
2025-09-24 00:11:11 +09:00:     at Server.setupListenHandle [as _listen2] (node:net:1940:16)
2025-09-24 00:11:11 +09:00:     at listenInCluster (node:net:1997:12)
2025-09-24 00:11:11 +09:00:     at Server.listen (node:net:2102:7)
2025-09-24 00:11:11 +09:00:     at file:///Users/ahndj/Desktop/project/trading/automatic-trading1/dist/server/index.js:259:12
2025-09-24 00:11:11 +09:00:     at process.processTicksAndRejections (node:internal/process/task_queues:105:5) {
2025-09-24 00:11:11 +09:00:   code: 'EADDRINUSE',
2025-09-24 00:11:11 +09:00:   errno: -48,
2025-09-24 00:11:11 +09:00:   syscall: 'listen',
2025-09-24 00:11:11 +09:00:   address: '::',
2025-09-24 00:11:11 +09:00:   port: 5000
2025-09-24 00:11:11 +09:00: }
2025-09-24 00:11:12 +09:00: Error: listen EADDRINUSE: address already in use :::5000
2025-09-24 00:11:12 +09:00:     at Server.setupListenHandle [as _listen2] (node:net:1940:16)
2025-09-24 00:11:12 +09:00:     at listenInCluster (node:net:1997:12)
2025-09-24 00:11:12 +09:00:     at Server.listen (node:net:2102:7)
2025-09-24 00:11:12 +09:00:     at file:///Users/ahndj/Desktop/project/trading/automatic-trading1/dist/server/index.js:259:12
2025-09-24 00:11:12 +09:00:     at process.processTicksAndRejections (node:internal/process/task_queues:105:5) {
2025-09-24 00:11:12 +09:00:   code: 'EADDRINUSE',
2025-09-24 00:11:12 +09:00:   errno: -48,
2025-09-24 00:11:12 +09:00:   syscall: 'listen',
2025-09-24 00:11:12 +09:00:   address: '::',
2025-09-24 00:11:12 +09:00:   port: 5000
2025-09-24 00:11:12 +09:00: }
2025-09-24 00:11:12 +09:00: Error: listen EADDRINUSE: address already in use :::5000
2025-09-24 00:11:12 +09:00:     at Server.setupListenHandle [as _listen2] (node:net:1940:16)
2025-09-24 00:11:12 +09:00:     at listenInCluster (node:net:1997:12)
2025-09-24 00:11:12 +09:00:     at Server.listen (node:net:2102:7)
2025-09-24 00:11:12 +09:00:     at file:///Users/ahndj/Desktop/project/trading/automatic-trading1/dist/server/index.js:259:12
2025-09-24 00:11:12 +09:00:     at process.processTicksAndRejections (node:internal/process/task_queues:105:5) {
2025-09-24 00:11:12 +09:00:   code: 'EADDRINUSE',
2025-09-24 00:11:12 +09:00:   errno: -48,
2025-09-24 00:11:12 +09:00:   syscall: 'listen',
2025-09-24 00:11:12 +09:00:   address: '::',
2025-09-24 00:11:12 +09:00:   port: 5000
2025-09-24 00:11:12 +09:00: }
2025-09-24 00:11:12 +09:00: Error: listen EADDRINUSE: address already in use :::5000
2025-09-24 00:11:12 +09:00:     at Server.setupListenHandle [as _listen2] (node:net:1940:16)
2025-09-24 00:11:12 +09:00:     at listenInCluster (node:net:1997:12)
2025-09-24 00:11:12 +09:00:     at Server.listen (node:net:2102:7)
2025-09-24 00:11:12 +09:00:     at file:///Users/ahndj/Desktop/project/trading/automatic-trading1/dist/server/index.js:259:12
2025-09-24 00:11:12 +09:00:     at process.processTicksAndRejections (node:internal/process/task_queues:105:5) {
2025-09-24 00:11:12 +09:00:   code: 'EADDRINUSE',
2025-09-24 00:11:12 +09:00:   errno: -48,
2025-09-24 00:11:12 +09:00:   syscall: 'listen',
2025-09-24 00:11:12 +09:00:   address: '::',
2025-09-24 00:11:12 +09:00:   port: 5000
2025-09-24 00:11:12 +09:00: }
2025-09-24 00:11:12 +09:00: Error: listen EADDRINUSE: address already in use :::5000
2025-09-24 00:11:12 +09:00:     at Server.setupListenHandle [as _listen2] (node:net:1940:16)
2025-09-24 00:11:12 +09:00:     at listenInCluster (node:net:1997:12)
2025-09-24 00:11:12 +09:00:     at Server.listen (node:net:2102:7)
2025-09-24 00:11:12 +09:00:     at file:///Users/ahndj/Desktop/project/trading/automatic-trading1/dist/server/index.js:259:12
2025-09-24 00:11:12 +09:00:     at process.processTicksAndRejections (node:internal/process/task_queues:105:5) {
2025-09-24 00:11:12 +09:00:   code: 'EADDRINUSE',
2025-09-24 00:11:12 +09:00:   errno: -48,
2025-09-24 00:11:12 +09:00:   syscall: 'listen',
2025-09-24 00:11:12 +09:00:   address: '::',
2025-09-24 00:11:12 +09:00:   port: 5000
2025-09-24 00:11:12 +09:00: }
2025-09-24 00:11:13 +09:00: Error: listen EADDRINUSE: address already in use :::5000
2025-09-24 00:11:13 +09:00:     at Server.setupListenHandle [as _listen2] (node:net:1940:16)
2025-09-24 00:11:13 +09:00:     at listenInCluster (node:net:1997:12)
2025-09-24 00:11:13 +09:00:     at Server.listen (node:net:2102:7)
2025-09-24 00:11:13 +09:00:     at file:///Users/ahndj/Desktop/project/trading/automatic-trading1/dist/server/index.js:259:12
2025-09-24 00:11:13 +09:00:     at process.processTicksAndRejections (node:internal/process/task_queues:105:5) {
2025-09-24 00:11:13 +09:00:   code: 'EADDRINUSE',
2025-09-24 00:11:13 +09:00:   errno: -48,
2025-09-24 00:11:13 +09:00:   syscall: 'listen',
2025-09-24 00:11:13 +09:00:   address: '::',
2025-09-24 00:11:13 +09:00:   port: 5000
2025-09-24 00:11:13 +09:00: }
2025-09-24 00:19:38 +09:00: Error: listen EADDRINUSE: address already in use :::5000
2025-09-24 00:19:38 +09:00:     at Server.setupListenHandle [as _listen2] (node:net:1940:16)
2025-09-24 00:19:38 +09:00:     at listenInCluster (node:net:1997:12)
2025-09-24 00:19:38 +09:00:     at Server.listen (node:net:2102:7)
2025-09-24 00:19:38 +09:00:     at file:///Users/ahndj/Desktop/project/trading/automatic-trading1/dist/server/index.js:259:12
2025-09-24 00:19:38 +09:00:     at process.processTicksAndRejections (node:internal/process/task_queues:105:5) {
2025-09-24 00:19:38 +09:00:   code: 'EADDRINUSE',
2025-09-24 00:19:38 +09:00:   errno: -48,
2025-09-24 00:19:38 +09:00:   syscall: 'listen',
2025-09-24 00:19:38 +09:00:   address: '::',
2025-09-24 00:19:38 +09:00:   port: 5000
2025-09-24 00:19:38 +09:00: }
2025-09-24 00:19:38 +09:00: Error: listen EADDRINUSE: address already in use :::5000
2025-09-24 00:19:38 +09:00:     at Server.setupListenHandle [as _listen2] (node:net:1940:16)
2025-09-24 00:19:38 +09:00:     at listenInCluster (node:net:1997:12)
2025-09-24 00:19:38 +09:00:     at Server.listen (node:net:2102:7)
2025-09-24 00:19:38 +09:00:     at file:///Users/ahndj/Desktop/project/trading/automatic-trading1/dist/server/index.js:259:12
2025-09-24 00:19:38 +09:00:     at process.processTicksAndRejections (node:internal/process/task_queues:105:5) {
2025-09-24 00:19:38 +09:00:   code: 'EADDRINUSE',
2025-09-24 00:19:38 +09:00:   errno: -48,
2025-09-24 00:19:38 +09:00:   syscall: 'listen',
2025-09-24 00:19:38 +09:00:   address: '::',
2025-09-24 00:19:38 +09:00:   port: 5000
2025-09-24 00:19:38 +09:00: }
2025-09-24 00:19:38 +09:00: Error: listen EADDRINUSE: address already in use :::5000
2025-09-24 00:19:38 +09:00:     at Server.setupListenHandle [as _listen2] (node:net:1940:16)
2025-09-24 00:19:38 +09:00:     at listenInCluster (node:net:1997:12)
2025-09-24 00:19:38 +09:00:     at Server.listen (node:net:2102:7)
2025-09-24 00:19:38 +09:00:     at file:///Users/ahndj/Desktop/project/trading/automatic-trading1/dist/server/index.js:259:12
2025-09-24 00:19:38 +09:00:     at process.processTicksAndRejections (node:internal/process/task_queues:105:5) {
2025-09-24 00:19:38 +09:00:   code: 'EADDRINUSE',
2025-09-24 00:19:38 +09:00:   errno: -48,
2025-09-24 00:19:38 +09:00:   syscall: 'listen',
2025-09-24 00:19:38 +09:00:   address: '::',
2025-09-24 00:19:38 +09:00:   port: 5000
2025-09-24 00:19:38 +09:00: }
2025-09-24 00:19:38 +09:00: Error: listen EADDRINUSE: address already in use :::5000
2025-09-24 00:19:38 +09:00:     at Server.setupListenHandle [as _listen2] (node:net:1940:16)
2025-09-24 00:19:38 +09:00:     at listenInCluster (node:net:1997:12)
2025-09-24 00:19:38 +09:00:     at Server.listen (node:net:2102:7)
2025-09-24 00:19:38 +09:00:     at file:///Users/ahndj/Desktop/project/trading/automatic-trading1/dist/server/index.js:259:12
2025-09-24 00:19:38 +09:00:     at process.processTicksAndRejections (node:internal/process/task_queues:105:5) {
2025-09-24 00:19:38 +09:00:   code: 'EADDRINUSE',
2025-09-24 00:19:38 +09:00:   errno: -48,
2025-09-24 00:19:38 +09:00:   syscall: 'listen',
2025-09-24 00:19:38 +09:00:   address: '::',
2025-09-24 00:19:38 +09:00:   port: 5000
2025-09-24 00:19:38 +09:00: }
2025-09-24 00:19:39 +09:00: Error: listen EADDRINUSE: address already in use :::5000
2025-09-24 00:19:39 +09:00:     at Server.setupListenHandle [as _listen2] (node:net:1940:16)
2025-09-24 00:19:39 +09:00:     at listenInCluster (node:net:1997:12)
2025-09-24 00:19:39 +09:00:     at Server.listen (node:net:2102:7)
2025-09-24 00:19:39 +09:00:     at file:///Users/ahndj/Desktop/project/trading/automatic-trading1/dist/server/index.js:259:12
2025-09-24 00:19:39 +09:00:     at process.processTicksAndRejections (node:internal/process/task_queues:105:5) {
2025-09-24 00:19:39 +09:00:   code: 'EADDRINUSE',
2025-09-24 00:19:39 +09:00:   errno: -48,
2025-09-24 00:19:39 +09:00:   syscall: 'listen',
2025-09-24 00:19:39 +09:00:   address: '::',
2025-09-24 00:19:39 +09:00:   port: 5000
2025-09-24 00:19:39 +09:00: }
2025-09-24 00:19:39 +09:00: Error: listen EADDRINUSE: address already in use :::5000
2025-09-24 00:19:39 +09:00:     at Server.setupListenHandle [as _listen2] (node:net:1940:16)
2025-09-24 00:19:39 +09:00:     at listenInCluster (node:net:1997:12)
2025-09-24 00:19:39 +09:00:     at Server.listen (node:net:2102:7)
2025-09-24 00:19:39 +09:00:     at file:///Users/ahndj/Desktop/project/trading/automatic-trading1/dist/server/index.js:259:12
2025-09-24 00:19:39 +09:00:     at process.processTicksAndRejections (node:internal/process/task_queues:105:5) {
2025-09-24 00:19:39 +09:00:   code: 'EADDRINUSE',
2025-09-24 00:19:39 +09:00:   errno: -48,
2025-09-24 00:19:39 +09:00:   syscall: 'listen',
2025-09-24 00:19:39 +09:00:   address: '::',
2025-09-24 00:19:39 +09:00:   port: 5000
2025-09-24 00:19:39 +09:00: }
2025-09-24 00:19:39 +09:00: Error: listen EADDRINUSE: address already in use :::5000
2025-09-24 00:19:39 +09:00:     at Server.setupListenHandle [as _listen2] (node:net:1940:16)
2025-09-24 00:19:39 +09:00:     at listenInCluster (node:net:1997:12)
2025-09-24 00:19:39 +09:00:     at Server.listen (node:net:2102:7)
2025-09-24 00:19:39 +09:00:     at file:///Users/ahndj/Desktop/project/trading/automatic-trading1/dist/server/index.js:259:12
2025-09-24 00:19:39 +09:00:     at process.processTicksAndRejections (node:internal/process/task_queues:105:5) {
2025-09-24 00:19:39 +09:00:   code: 'EADDRINUSE',
2025-09-24 00:19:39 +09:00:   errno: -48,
2025-09-24 00:19:39 +09:00:   syscall: 'listen',
2025-09-24 00:19:39 +09:00:   address: '::',
2025-09-24 00:19:39 +09:00:   port: 5000
2025-09-24 00:19:39 +09:00: }
2025-09-24 00:19:39 +09:00: Error: listen EADDRINUSE: address already in use :::5000
2025-09-24 00:19:39 +09:00:     at Server.setupListenHandle [as _listen2] (node:net:1940:16)
2025-09-24 00:19:39 +09:00:     at listenInCluster (node:net:1997:12)
2025-09-24 00:19:39 +09:00:     at Server.listen (node:net:2102:7)
2025-09-24 00:19:39 +09:00:     at file:///Users/ahndj/Desktop/project/trading/automatic-trading1/dist/server/index.js:259:12
2025-09-24 00:19:39 +09:00:     at process.processTicksAndRejections (node:internal/process/task_queues:105:5) {
2025-09-24 00:19:39 +09:00:   code: 'EADDRINUSE',
2025-09-24 00:19:39 +09:00:   errno: -48,
2025-09-24 00:19:39 +09:00:   syscall: 'listen',
2025-09-24 00:19:39 +09:00:   address: '::',
2025-09-24 00:19:39 +09:00:   port: 5000
2025-09-24 00:19:39 +09:00: }
2025-09-24 00:19:39 +09:00: Error: listen EADDRINUSE: address already in use :::5000
2025-09-24 00:19:39 +09:00:     at Server.setupListenHandle [as _listen2] (node:net:1940:16)
2025-09-24 00:19:39 +09:00:     at listenInCluster (node:net:1997:12)
2025-09-24 00:19:39 +09:00:     at Server.listen (node:net:2102:7)
2025-09-24 00:19:39 +09:00:     at file:///Users/ahndj/Desktop/project/trading/automatic-trading1/dist/server/index.js:259:12
2025-09-24 00:19:39 +09:00:     at process.processTicksAndRejections (node:internal/process/task_queues:105:5) {
2025-09-24 00:19:39 +09:00:   code: 'EADDRINUSE',
2025-09-24 00:19:39 +09:00:   errno: -48,
2025-09-24 00:19:39 +09:00:   syscall: 'listen',
2025-09-24 00:19:39 +09:00:   address: '::',
2025-09-24 00:19:39 +09:00:   port: 5000
2025-09-24 00:19:39 +09:00: }
2025-09-24 00:19:40 +09:00: Error: listen EADDRINUSE: address already in use :::5000
2025-09-24 00:19:40 +09:00:     at Server.setupListenHandle [as _listen2] (node:net:1940:16)
2025-09-24 00:19:40 +09:00:     at listenInCluster (node:net:1997:12)
2025-09-24 00:19:40 +09:00:     at Server.listen (node:net:2102:7)
2025-09-24 00:19:40 +09:00:     at file:///Users/ahndj/Desktop/project/trading/automatic-trading1/dist/server/index.js:259:12
2025-09-24 00:19:40 +09:00:     at process.processTicksAndRejections (node:internal/process/task_queues:105:5) {
2025-09-24 00:19:40 +09:00:   code: 'EADDRINUSE',
2025-09-24 00:19:40 +09:00:   errno: -48,
2025-09-24 00:19:40 +09:00:   syscall: 'listen',
2025-09-24 00:19:40 +09:00:   address: '::',
2025-09-24 00:19:40 +09:00:   port: 5000
2025-09-24 00:19:40 +09:00: }
